// Jest Snapshot v1, https://goo.gl/fbAQLP

exports[`expect CardList component to rendr 1`] = `ShallowWrapper {}`;
