// Jest Snapshot v1, https://goo.gl/fbAQLP

exports[`expect CounterButton component to rendr 1`] = `ShallowWrapper {}`;
